{
  "version": "2.0.0",
  "plugins_used": [
    {
      "name": "Base64HighEntropyString",
      "limit": 4.5
    },
    {
      "name": "HexHighEntropyString",
      "limit": 3.0
    },
    {
      "name": "PrivateKeyDetector"
    },
    {
      "name": "KeywordDetector"
    }
  ],
  "results": {},
  "generated_at": "2025-06-21T00:00:00Z"
}
